exit: 0
----- stdout
42
400
10
hello
"text"
60
4.0
big
----- stderr
bug: index out of range
   --> <interactive>:12:11
    |
 12 | let bad = [1][2]
    |           ^^^^^^
    |
    = index 2 is outside 1..1; indices start at 1 (§16.2)
    = help: check the index against `size` first; the last element is at `size`, or `last`

error: cannot find `bad` in this scope
   --> <interactive>:12:1
    |
 12 | bad
    | ^^^ not found

1 error found
error: cannot find `undefined_name` in this scope
   --> <interactive>:14:1
    |
 14 | undefined_name
    | ^^^^^^^^^^^^^^ not found

1 error found
