exit: 2
----- stdout
----- stderr
bug: C function not found
  --> tests/runtime/bug_ffi_missing.lion:1:26
   |
 1 | foreign "libnothing" fun nothing() in Int
   |                          ^^^^^^^
  ...
 3 |     show(nothing())
   |          --------- in the call made here
   |
   = the library `libnothing` cannot be found
   = help: check the name of the library and of the function

