exit: 2
----- stdout
Date(year: 2026, month: 9, day: 27)
2026-09-27
sunday
a Sunday
thursday
2026-10-02
2025-12-31
269
3652058
true
2024-02-29
2023-03-01
["2020-05-01", "2026-01-01", "2026-09-27"]
270
366
false
true
29
30
Date(year: 2024, month: 2, day: 29)
error("`2026-02-30` is not a date: the month 2 of 2026 has 28 days")
error("`2026-13-01` is not a date: there is no month 13")
error("`0000-01-01` is not a date: the years go from 0001 to 9999")
error("`26-9-27` is not a date written YYYY-MM-DD")
error("`2026-O9-27` is not a date written YYYY-MM-DD")
invalid Date: month = 4, day = 31 does not satisfy day <= 30 or not (month == 4 or month == 6 or month == 9 or month == 11)
true
[monday, tuesday, wednesday, thursday, friday, saturday, sunday]
----- stderr
bug: no date before 0001-01-01 or after 9999-12-31
   --> tests/runtime/std_dates.lion:46:6
    |
 46 | show(dates.Date(9999, 12, 31) + 1)
    |      ^^^^^^^^^^^^^^^^^^^^^^^^^^^^
    |
    = the result would be 2932897 days after 1970-01-01
    = help: check the value before the call

