exit: 1
----- stdout
----- stderr
error: the structure `point` needs an uppercase name
  --> tests/parser/struct_errors.lion:1:8
   |
 1 | struct point:
   |        ^^^^^ a structure is a type
   |
   = help: write `Point` (§4.2)

error: not implemented yet: generic structures
  --> tests/parser/struct_errors.lion:4:13
   |
 4 | struct Pair of A:
   |             ^^
   |
   = this part of Lion (spec §15.1) is not supported by this version of the implementation

error: the fields of a structure go on their own lines
  --> tests/parser/struct_errors.lion:7:14
   |
 7 | struct Line: start in Int ;
   |              ^^^^^
   |
   = help: write one field per line, and `;` alone on the last line (§12.1)

error: the `struct` block is never closed
   --> tests/parser/struct_errors.lion:8:1
    |
  8 | struct Open:
    | ^^^^^^ this block has no `;`
   ...
 10 | let after = 1
    | --- `;` probably forgotten before this line

4 errors found
