exit: 1
----- stdout
(fun square ((x)) = (* x x))
(for i (.. 1 3) [(call show i)])
(unsafe [])
(let twice (fun fun ((x)) = (* x 2)))
(let l (list 1 2 3))
(let fast (compile (call f 1)))
(let t (tuple "Léa" 12))
(let w (try (call f)))
(let ok 1)
----- stderr
error: not implemented yet: generic traits
   --> tests/parser/unsupported.lion:11:17
    |
 11 | trait Container of T, T in Type:
    |                 ^^
    |
    = this part of Lion (spec §15.1) is not supported by this version of the implementation

1 error found
