exit: 1
----- stdout
(fun square ((x)) = (* x x))
(for i (.. 1 3) [(call show i)])
(let l (list 1 2 3))
(let w (try (call f)))
(let ok 1)
----- stderr
error: not implemented yet: structures
  --> tests/parser/unsupported.lion:3:1
   |
 3 | struct Student:
   | ^^^^^^
   |
   = this part of Lion (spec §12) is not supported by this version of the implementation

error: not implemented yet: type definitions (enumerations and named unions)
  --> tests/parser/unsupported.lion:5:1
   |
 5 | Color = {red, green, blue}
   | ^^^^^
   |
   = this part of Lion (spec §13) is not supported by this version of the implementation

error: not implemented yet: sets and comprehensions
  --> tests/parser/unsupported.lion:7:9
   |
 7 | let s = {1, 2}
   |         ^
   |
   = this part of Lion (spec §16) is not supported by this version of the implementation

error: not implemented yet: tuples
  --> tests/parser/unsupported.lion:8:9
   |
 8 | let t = ("Léa", 12)
   |         ^^^^^^^
   |
   = this part of Lion (spec §16) is not supported by this version of the implementation

4 errors found
