exit: 1
----- stdout
(let ok 1)
----- stderr
error: not implemented yet: functions
  --> tests/parser/unsupported.lion:1:1
   |
 1 | fun square(x) = x * x
   | ^^^
   |
   = this part of Lion (spec §11) is not supported by this version of the implementation

error: not implemented yet: `for` loops, which need collections and intervals
  --> tests/parser/unsupported.lion:2:1
   |
 2 | for i in 1..3: show(i) ;
   | ^^^
   |
   = this part of Lion (spec §10.2, §16) is not supported by this version of the implementation

error: not implemented yet: structures
  --> tests/parser/unsupported.lion:3:1
   |
 3 | struct Student:
   | ^^^^^^
   |
   = this part of Lion (spec §12) is not supported by this version of the implementation

error: not implemented yet: type definitions (enumerations and named unions)
  --> tests/parser/unsupported.lion:5:1
   |
 5 | Color = {red, green, blue}
   | ^^^^^
   |
   = this part of Lion (spec §13) is not supported by this version of the implementation

error: not implemented yet: lists
  --> tests/parser/unsupported.lion:6:9
   |
 6 | let l = [1, 2, 3]
   |         ^
   |
   = this part of Lion (spec §16) is not supported by this version of the implementation

error: not implemented yet: sets and comprehensions
  --> tests/parser/unsupported.lion:7:9
   |
 7 | let s = {1, 2}
   |         ^
   |
   = this part of Lion (spec §16) is not supported by this version of the implementation

error: not implemented yet: tuples
  --> tests/parser/unsupported.lion:8:9
   |
 8 | let t = ("Léa", 12)
   |         ^^^^^^^
   |
   = this part of Lion (spec §16) is not supported by this version of the implementation

error: not implemented yet: `try`
  --> tests/parser/unsupported.lion:9:9
   |
 9 | let w = try f()
   |         ^^^
   |
   = this part of Lion (spec §18.3) is not supported by this version of the implementation

8 errors found
