exit: 1
----- stdout
----- stderr
error: cannot assign to the constant `x`
  --> tests/errors/constants.lion:2:1
   |
 1 | let x = 1
   |     - declared with `let`
 2 | x = 2
   | ^
   |
   = help: to change `x`, declare it with `var` (§6)

error: the constant `e` already has a value
  --> tests/errors/constants.lion:5:1
   |
 4 | e = "first"
   | - first assignment
 5 | e = "second"
   | ^ second assignment
   |
   = a `let` declared without a value receives exactly one assignment (§6.1)
   = help: to change `e`, declare it with `var`

error: `unread` is used before it has a value
  --> tests/errors/constants.lion:8:6
   |
 7 | let unread in Text
   |     ------ declared here without a value
 8 | show(unread)
   |      ^^^^^^ used here
   |
   = help: give `unread` a value before this line (§6.1)

error: the constant `never` never receives a value
  --> tests/errors/constants.lion:6:5
   |
 6 | let never in Int
   |     ^^^^^ declared here without a value
   |
   = a `let` declared without a value receives exactly one assignment (§6.1)

error: the constant `unread` never receives a value
  --> tests/errors/constants.lion:7:5
   |
 7 | let unread in Text
   |     ^^^^^^ declared here without a value
   |
   = a `let` declared without a value receives exactly one assignment (§6.1)

5 errors found
