exit: 1
----- stdout
----- stderr
error: the condition of `if` must be a Bool
  --> tests/errors/control_flow.lion:2:4
   |
 2 | if n: show(n) ;
   |    ^ this is an Int
   |
   = help: compare the number, for instance `x != 0`

error: the condition of `while` must be a Bool
  --> tests/errors/control_flow.lion:3:7
   |
 3 | while "yes": show(n) ;
   |       ^^^^^ this is a Text

error: `break` outside a loop
  --> tests/errors/control_flow.lion:4:1
   |
 4 | break
   | ^^^^^
   |
   = `break` is used inside a `while` or `for` loop (§10.2)

error: `continue` outside a loop
  --> tests/errors/control_flow.lion:5:1
   |
 5 | continue
   | ^^^^^^^^
   |
   = `continue` is used inside a `while` or `for` loop (§10.2)

error: a script cannot return a value
  --> tests/errors/control_flow.lion:8:8
   |
 8 | return n
   |        ^
   |
   = at the level of a script, `return` alone ends the script (§20.1)

5 errors found
