exit: 1
----- stdout
----- stderr
error: `total` may not have a value here
  --> tests/errors/definite_assignment.lion:6:6
   |
 2 | var total in Int
   |     ----- declared here without a value
  ...
 6 | show(total)
   |      ^^^^^ used here
   |
   = it receives a value on some of the paths that lead here, not on all of them (§6.1)

error: `acc` may not have a value here
   --> tests/errors/definite_assignment.lion:11:6
    |
  7 | var acc in Int
    |     --- declared here without a value
   ...
 11 | show(acc)
    |      ^^^ used here
    |
    = it receives a value on some of the paths that lead here, not on all of them (§6.1)

error: the constant `label` may already have a value
   --> tests/errors/definite_assignment.lion:14:5
    |
 14 |     label = "x"
    |     ^^^^^ this assignment may run after another one, for instance in a loop
    |
    = a `let` declared without a value receives exactly one assignment (§6.1)
    = help: to change `label`, declare it with `var`

error: the constant `both` already has a value
   --> tests/errors/definite_assignment.lion:26:1
    |
 22 |     both = "a"
    |     ---- earlier assignment
   ...
 26 | both = "c"
    | ^^^^ second assignment
    |
    = a `let` declared without a value receives exactly one assignment (§6.1)
    = help: to change `both`, declare it with `var`

error: the constant `label` does not receive a value on every path
   --> tests/errors/definite_assignment.lion:12:5
    |
 12 | let label in Text
    |     ^^^^^ declared here without a value
    |
    = a `let` declared without a value receives exactly one assignment (§6.1)

error: the constant `partial` does not receive a value on every path
   --> tests/errors/definite_assignment.lion:16:5
    |
 16 | let partial in Text
    |     ^^^^^^^ declared here without a value
    |
    = a `let` declared without a value receives exactly one assignment (§6.1)

6 errors found
