exit: 1
----- stdout
----- stderr
error: a C function does not take a List of Int
  --> tests/errors/ffi.lion:3:24
   |
 3 | foreign "libc" fun bad(l in List of Int) in Int
   |                        ^
   |
   = its parameters are Int, Float, Bool or Text values (C80)

error: a C function does not give a List of Int
  --> tests/errors/ffi.lion:4:39
   |
 4 | foreign "libc" fun worse(x in Int) in List of Int
   |                                       ^^^^^^^^^^^
   |
   = it gives an Int, a Float, a Bool, a Text, `maybe Text` or nothing (C80)

error: `cos` is a C function: it is called in an `unsafe` block
  --> tests/errors/ffi.lion:5:6
   |
 5 | show(cos(1.0))
   |      ^^^
   |
   = the compiler of Lion can check nothing in C code (§21.2)
   = help: wrap the call: `unsafe:` on its own line, the call, then `;`, in a function that gives a safe value

error: `cos` is a C function: it cannot be used as a value
  --> tests/errors/ffi.lion:6:9
   |
 6 | let f = cos
   |         ^^^
   |
   = a C function is called only in an `unsafe` block (§21.2, C80)
   = help: wrap it in a Lion function that calls it in `unsafe`, and use that one

error: `shout` calls `puts`, a foreign function that is not pure, so what runs in parallel cannot call it
   --> tests/errors/ffi.lion:12:11
    |
 12 | let all = parallel [shout(n), n in 1..3]
    |           ^^^^^^^^^^^^^^^^^^^^^^^^^^^^^^
    |
    = a foreign function without `pure` may change a global state (§21.2, D48)

error: `compile` cannot run `shout`, which calls C code that may change a global state (through `puts`)
   --> tests/errors/ffi.lion:13:13
    |
 13 | let later = compile shout(1)
    |             ^^^^^^^^^^^^^^^^
    |
    = `compile` computes its value while the program is compiled: it reads nothing from outside and changes nothing (§21.1, D82)

6 errors found
