exit: 1
----- stdout
----- stderr
error: cannot find `totl` in this scope
  --> tests/errors/names.lion:2:6
   |
 2 | show(totl)
   |      ^^^^ not found
   |
   = help: a similar name exists: `total`

error: cannot find `print` in this scope
  --> tests/errors/names.lion:3:1
   |
 3 | print(total)
   | ^^^^^ not found
   |
   = help: Lion writes a value with `show(value)` (§23)

error: cannot find `undeclared` in this scope
  --> tests/errors/names.lion:4:1
   |
 4 | undeclared = 5
   | ^^^^^^^^^^ not found
   |
   = help: a variable is declared before it is used: `var undeclared = ...` (§6)

error: `show` is not a function
  --> tests/errors/names.lion:6:1
   |
 5 | let show = 2
   |     ---- declared here
 6 | show(show)
   | ^^^^ `show` is an Int
   |
   = this declaration hides the standard function `show`

4 errors found
