exit: 1
----- stdout
----- stderr
error: cannot find `totl` in this scope
  --> tests/errors/names.lion:2:6
   |
 2 | show(totl)
   |      ^^^^ not found
   |
   = help: a similar name exists: `total`

error: cannot find `print` in this scope
  --> tests/errors/names.lion:3:1
   |
 3 | print(total)
   | ^^^^^ not found
   |
   = help: Lion writes a value with `show(value)` (§23)

error: cannot find `undeclared` in this scope
  --> tests/errors/names.lion:4:1
   |
 4 | undeclared = 5
   | ^^^^^^^^^^ not found
   |
   = help: a variable is declared before it is used: `var undeclared = ...` (§6)

error: `show` is the name of a standard function
  --> tests/errors/names.lion:5:5
   |
 5 | let show = 2
   |     ^^^^
   |
   = Lion 0.1 does not define whether a declaration may hide a standard function, so it is refused
   = help: choose another name

4 errors found
