exit: 1
----- stdout
----- stderr
error: not implemented yet: methods of generic types
  --> tests/errors/not_implemented.lion:1:5
   |
 1 | fun List.second(l in Int) = l
   |     ^^^^
   |
   = this part of Lion (spec §12.4, §15) is not supported by this version of the implementation

error: not implemented yet: types used as values
  --> tests/errors/not_implemented.lion:4:9
   |
 4 | let r = Int
   |         ^^^
   |
   = this part of Lion (spec §7.1, §12.2) is not supported by this version of the implementation

error: cannot find `x` in this scope
  --> tests/errors/not_implemented.lion:6:9
   |
 6 | let t = x.name
   |         ^ not found
   |
   = help: a similar name exists: `m`

error: `sum` adds a list of numbers, not an Int
  --> tests/errors/not_implemented.lion:7:13
   |
 7 | let u = sum(1)
   |             ^

4 errors found
