exit: 1
----- stdout
----- stderr
error: not implemented yet: collections
  --> tests/errors/not_implemented.lion:1:10
   |
 1 | var l in Set of Int
   |          ^^^^^^^^^^
   |
   = this part of Lion (spec §16) is not supported by this version of the implementation

error: not implemented yet: Rational numbers (`over`)
  --> tests/errors/not_implemented.lion:4:11
   |
 4 | let r = 1 over 3
   |           ^^^^
   |
   = this part of Lion (spec §8.3) is not supported by this version of the implementation

error: cannot find `x` in this scope
  --> tests/errors/not_implemented.lion:6:9
   |
 6 | let t = x.name
   |         ^ not found
   |
   = help: a similar name exists: `l`

error: `sum` adds a list of numbers, not an Int
  --> tests/errors/not_implemented.lion:7:13
   |
 7 | let u = sum(1)
   |             ^

4 errors found
